../Core/Src/main.c:86:6:HAL_SPI_TxRxCpltCallback	16	static,ignoring_inline_asm
../Core/Src/main.c:105:5:main	8	static
../Core/Src/main.c:184:6:SystemClock_Config	88	static
../Core/Src/main.c:228:13:MX_CRC_Init	8	static
../Core/Src/main.c:252:13:MX_SPI1_Init	8	static
../Core/Src/main.c:288:13:MX_SPI2_Init	8	static
../Core/Src/main.c:324:13:MX_USART2_UART_Init	8	static
../Core/Src/main.c:353:13:MX_DMA_Init	16	static
../Core/Src/main.c:373:13:MX_GPIO_Init	48	static
../Core/Src/main.c:413:6:Error_Handler	4	static,ignoring_inline_asm
